  Determining projects to restore...
/Users/ft_ruma/Downloads/Gateway/Gateway.BlindMatch/Gateway.BlindMatch.csproj : warning NU1901: Package 'NuGet.Packaging' 6.12.1 has a known low severity vulnerability, https://github.com/advisories/GHSA-g4vj-cjjj-v7hg
/Users/ft_ruma/Downloads/Gateway/Gateway.BlindMatch/Gateway.BlindMatch.csproj : warning NU1901: Package 'NuGet.Protocol' 6.12.1 has a known low severity vulnerability, https://github.com/advisories/GHSA-g4vj-cjjj-v7hg
  All projects are up-to-date for restore.
/Users/ft_ruma/Downloads/Gateway/Gateway.BlindMatch/Gateway.BlindMatch.csproj : warning NU1901: Package 'NuGet.Packaging' 6.12.1 has a known low severity vulnerability, https://github.com/advisories/GHSA-g4vj-cjjj-v7hg
/Users/ft_ruma/Downloads/Gateway/Gateway.BlindMatch/Gateway.BlindMatch.csproj : warning NU1901: Package 'NuGet.Protocol' 6.12.1 has a known low severity vulnerability, https://github.com/advisories/GHSA-g4vj-cjjj-v7hg
/Users/ft_ruma/Downloads/Gateway/Gateway.BlindMatch/Data/ApplicationDbContext.cs(18,43): error CS1061: 'EntityTypeBuilder<ApplicationUser>' does not contain a definition for 'ToCollection' and no accessible extension method 'ToCollection' accepting a first argument of type 'EntityTypeBuilder<ApplicationUser>' could be found (are you missing a using directive or an assembly reference?) [/Users/ft_ruma/Downloads/Gateway/Gateway.BlindMatch/Gateway.BlindMatch.csproj]
/Users/ft_ruma/Downloads/Gateway/Gateway.BlindMatch/Program.cs(11,13): error CS1061: 'DbContextOptionsBuilder' does not contain a definition for 'UseSqlite' and no accessible extension method 'UseSqlite' accepting a first argument of type 'DbContextOptionsBuilder' could be found (are you missing a using directive or an assembly reference?) [/Users/ft_ruma/Downloads/Gateway/Gateway.BlindMatch/Gateway.BlindMatch.csproj]
/Users/ft_ruma/Downloads/Gateway/Gateway.BlindMatch/Program.cs(16,6): error CS1061: 'IdentityBuilder' does not contain a definition for 'AddEntityFrameworkStores' and no accessible extension method 'AddEntityFrameworkStores' accepting a first argument of type 'IdentityBuilder' could be found (are you missing a using directive or an assembly reference?) [/Users/ft_ruma/Downloads/Gateway/Gateway.BlindMatch/Gateway.BlindMatch.csproj]
/Users/ft_ruma/Downloads/Gateway/Gateway.BlindMatch/Controllers/SupervisorController.cs(29,30): error CS0019: Operator '==' cannot be applied to operands of type 'string' and 'ObjectId' [/Users/ft_ruma/Downloads/Gateway/Gateway.BlindMatch/Gateway.BlindMatch.csproj]
/Users/ft_ruma/Downloads/Gateway/Gateway.BlindMatch/Controllers/SupervisorController.cs(43,29): error CS0019: Operator '==' cannot be applied to operands of type 'string' and 'ObjectId' [/Users/ft_ruma/Downloads/Gateway/Gateway.BlindMatch/Gateway.BlindMatch.csproj]
/Users/ft_ruma/Downloads/Gateway/Gateway.BlindMatch/Controllers/SupervisorController.cs(29,49): warning CS8602: Dereference of a possibly null reference. [/Users/ft_ruma/Downloads/Gateway/Gateway.BlindMatch/Gateway.BlindMatch.csproj]
/Users/ft_ruma/Downloads/Gateway/Gateway.BlindMatch/Controllers/SupervisorController.cs(43,47): warning CS8602: Dereference of a possibly null reference. [/Users/ft_ruma/Downloads/Gateway/Gateway.BlindMatch/Gateway.BlindMatch.csproj]
/Users/ft_ruma/Downloads/Gateway/Gateway.BlindMatch/Controllers/SupervisorController.cs(46,40): warning CS8619: Nullability of reference types in value of type '?' doesn't match target type 'dynamic'. [/Users/ft_ruma/Downloads/Gateway/Gateway.BlindMatch/Gateway.BlindMatch.csproj]
/Users/ft_ruma/Downloads/Gateway/Gateway.BlindMatch/Controllers/SupervisorController.cs(61,37): error CS0029: Cannot implicitly convert type 'MongoDB.Bson.ObjectId' to 'string' [/Users/ft_ruma/Downloads/Gateway/Gateway.BlindMatch/Gateway.BlindMatch.csproj]
/Users/ft_ruma/Downloads/Gateway/Gateway.BlindMatch/Controllers/SupervisorController.cs(61,37): warning CS8602: Dereference of a possibly null reference. [/Users/ft_ruma/Downloads/Gateway/Gateway.BlindMatch/Gateway.BlindMatch.csproj]
/Users/ft_ruma/Downloads/Gateway/Gateway.BlindMatch/Controllers/SupervisorController.cs(83,33): error CS0019: Operator '==' cannot be applied to operands of type 'string' and 'ObjectId' [/Users/ft_ruma/Downloads/Gateway/Gateway.BlindMatch/Gateway.BlindMatch.csproj]
/Users/ft_ruma/Downloads/Gateway/Gateway.BlindMatch/Controllers/SupervisorController.cs(89,36): error CS0029: Cannot implicitly convert type 'MongoDB.Bson.ObjectId' to 'string' [/Users/ft_ruma/Downloads/Gateway/Gateway.BlindMatch/Gateway.BlindMatch.csproj]
/Users/ft_ruma/Downloads/Gateway/Gateway.BlindMatch/Controllers/SupervisorController.cs(83,52): warning CS8602: Dereference of a possibly null reference. [/Users/ft_ruma/Downloads/Gateway/Gateway.BlindMatch/Gateway.BlindMatch.csproj]
/Users/ft_ruma/Downloads/Gateway/Gateway.BlindMatch/Controllers/SupervisorController.cs(89,36): warning CS8602: Dereference of a possibly null reference. [/Users/ft_ruma/Downloads/Gateway/Gateway.BlindMatch/Gateway.BlindMatch.csproj]
/Users/ft_ruma/Downloads/Gateway/Gateway.BlindMatch/Views/Projects/Index.cshtml(30,47): warning CS8602: Dereference of a possibly null reference. [/Users/ft_ruma/Downloads/Gateway/Gateway.BlindMatch/Gateway.BlindMatch.csproj]
/Users/ft_ruma/Downloads/Gateway/Gateway.BlindMatch/Controllers/StudentController.cs(28,29): error CS0019: Operator '==' cannot be applied to operands of type 'string' and 'ObjectId' [/Users/ft_ruma/Downloads/Gateway/Gateway.BlindMatch/Gateway.BlindMatch.csproj]
/Users/ft_ruma/Downloads/Gateway/Gateway.BlindMatch/Controllers/ProjectsController.cs(29,29): error CS0019: Operator '==' cannot be applied to operands of type 'string' and 'ObjectId' [/Users/ft_ruma/Downloads/Gateway/Gateway.BlindMatch/Gateway.BlindMatch.csproj]
/Users/ft_ruma/Downloads/Gateway/Gateway.BlindMatch/Controllers/ProjectsController.cs(29,44): warning CS8602: Dereference of a possibly null reference. [/Users/ft_ruma/Downloads/Gateway/Gateway.BlindMatch/Gateway.BlindMatch.csproj]
/Users/ft_ruma/Downloads/Gateway/Gateway.BlindMatch/Controllers/ProjectsController.cs(48,45): error CS0029: Cannot implicitly convert type 'MongoDB.Bson.ObjectId' to 'string' [/Users/ft_ruma/Downloads/Gateway/Gateway.BlindMatch/Gateway.BlindMatch.csproj]
/Users/ft_ruma/Downloads/Gateway/Gateway.BlindMatch/Controllers/ProjectsController.cs(48,45): warning CS8602: Dereference of a possibly null reference. [/Users/ft_ruma/Downloads/Gateway/Gateway.BlindMatch/Gateway.BlindMatch.csproj]

Build FAILED.

/Users/ft_ruma/Downloads/Gateway/Gateway.BlindMatch/Gateway.BlindMatch.csproj : warning NU1901: Package 'NuGet.Packaging' 6.12.1 has a known low severity vulnerability, https://github.com/advisories/GHSA-g4vj-cjjj-v7hg
/Users/ft_ruma/Downloads/Gateway/Gateway.BlindMatch/Gateway.BlindMatch.csproj : warning NU1901: Package 'NuGet.Protocol' 6.12.1 has a known low severity vulnerability, https://github.com/advisories/GHSA-g4vj-cjjj-v7hg
/Users/ft_ruma/Downloads/Gateway/Gateway.BlindMatch/Gateway.BlindMatch.csproj : warning NU1901: Package 'NuGet.Packaging' 6.12.1 has a known low severity vulnerability, https://github.com/advisories/GHSA-g4vj-cjjj-v7hg
/Users/ft_ruma/Downloads/Gateway/Gateway.BlindMatch/Gateway.BlindMatch.csproj : warning NU1901: Package 'NuGet.Protocol' 6.12.1 has a known low severity vulnerability, https://github.com/advisories/GHSA-g4vj-cjjj-v7hg
/Users/ft_ruma/Downloads/Gateway/Gateway.BlindMatch/Controllers/SupervisorController.cs(29,49): warning CS8602: Dereference of a possibly null reference. [/Users/ft_ruma/Downloads/Gateway/Gateway.BlindMatch/Gateway.BlindMatch.csproj]
/Users/ft_ruma/Downloads/Gateway/Gateway.BlindMatch/Controllers/SupervisorController.cs(43,47): warning CS8602: Dereference of a possibly null reference. [/Users/ft_ruma/Downloads/Gateway/Gateway.BlindMatch/Gateway.BlindMatch.csproj]
/Users/ft_ruma/Downloads/Gateway/Gateway.BlindMatch/Controllers/SupervisorController.cs(46,40): warning CS8619: Nullability of reference types in value of type '?' doesn't match target type 'dynamic'. [/Users/ft_ruma/Downloads/Gateway/Gateway.BlindMatch/Gateway.BlindMatch.csproj]
/Users/ft_ruma/Downloads/Gateway/Gateway.BlindMatch/Controllers/SupervisorController.cs(61,37): warning CS8602: Dereference of a possibly null reference. [/Users/ft_ruma/Downloads/Gateway/Gateway.BlindMatch/Gateway.BlindMatch.csproj]
/Users/ft_ruma/Downloads/Gateway/Gateway.BlindMatch/Controllers/SupervisorController.cs(83,52): warning CS8602: Dereference of a possibly null reference. [/Users/ft_ruma/Downloads/Gateway/Gateway.BlindMatch/Gateway.BlindMatch.csproj]
/Users/ft_ruma/Downloads/Gateway/Gateway.BlindMatch/Controllers/SupervisorController.cs(89,36): warning CS8602: Dereference of a possibly null reference. [/Users/ft_ruma/Downloads/Gateway/Gateway.BlindMatch/Gateway.BlindMatch.csproj]
/Users/ft_ruma/Downloads/Gateway/Gateway.BlindMatch/Views/Projects/Index.cshtml(30,47): warning CS8602: Dereference of a possibly null reference. [/Users/ft_ruma/Downloads/Gateway/Gateway.BlindMatch/Gateway.BlindMatch.csproj]
/Users/ft_ruma/Downloads/Gateway/Gateway.BlindMatch/Controllers/ProjectsController.cs(29,44): warning CS8602: Dereference of a possibly null reference. [/Users/ft_ruma/Downloads/Gateway/Gateway.BlindMatch/Gateway.BlindMatch.csproj]
/Users/ft_ruma/Downloads/Gateway/Gateway.BlindMatch/Controllers/ProjectsController.cs(48,45): warning CS8602: Dereference of a possibly null reference. [/Users/ft_ruma/Downloads/Gateway/Gateway.BlindMatch/Gateway.BlindMatch.csproj]
/Users/ft_ruma/Downloads/Gateway/Gateway.BlindMatch/Data/ApplicationDbContext.cs(18,43): error CS1061: 'EntityTypeBuilder<ApplicationUser>' does not contain a definition for 'ToCollection' and no accessible extension method 'ToCollection' accepting a first argument of type 'EntityTypeBuilder<ApplicationUser>' could be found (are you missing a using directive or an assembly reference?) [/Users/ft_ruma/Downloads/Gateway/Gateway.BlindMatch/Gateway.BlindMatch.csproj]
/Users/ft_ruma/Downloads/Gateway/Gateway.BlindMatch/Program.cs(11,13): error CS1061: 'DbContextOptionsBuilder' does not contain a definition for 'UseSqlite' and no accessible extension method 'UseSqlite' accepting a first argument of type 'DbContextOptionsBuilder' could be found (are you missing a using directive or an assembly reference?) [/Users/ft_ruma/Downloads/Gateway/Gateway.BlindMatch/Gateway.BlindMatch.csproj]
/Users/ft_ruma/Downloads/Gateway/Gateway.BlindMatch/Program.cs(16,6): error CS1061: 'IdentityBuilder' does not contain a definition for 'AddEntityFrameworkStores' and no accessible extension method 'AddEntityFrameworkStores' accepting a first argument of type 'IdentityBuilder' could be found (are you missing a using directive or an assembly reference?) [/Users/ft_ruma/Downloads/Gateway/Gateway.BlindMatch/Gateway.BlindMatch.csproj]
/Users/ft_ruma/Downloads/Gateway/Gateway.BlindMatch/Controllers/SupervisorController.cs(29,30): error CS0019: Operator '==' cannot be applied to operands of type 'string' and 'ObjectId' [/Users/ft_ruma/Downloads/Gateway/Gateway.BlindMatch/Gateway.BlindMatch.csproj]
/Users/ft_ruma/Downloads/Gateway/Gateway.BlindMatch/Controllers/SupervisorController.cs(43,29): error CS0019: Operator '==' cannot be applied to operands of type 'string' and 'ObjectId' [/Users/ft_ruma/Downloads/Gateway/Gateway.BlindMatch/Gateway.BlindMatch.csproj]
/Users/ft_ruma/Downloads/Gateway/Gateway.BlindMatch/Controllers/SupervisorController.cs(61,37): error CS0029: Cannot implicitly convert type 'MongoDB.Bson.ObjectId' to 'string' [/Users/ft_ruma/Downloads/Gateway/Gateway.BlindMatch/Gateway.BlindMatch.csproj]
/Users/ft_ruma/Downloads/Gateway/Gateway.BlindMatch/Controllers/SupervisorController.cs(83,33): error CS0019: Operator '==' cannot be applied to operands of type 'string' and 'ObjectId' [/Users/ft_ruma/Downloads/Gateway/Gateway.BlindMatch/Gateway.BlindMatch.csproj]
/Users/ft_ruma/Downloads/Gateway/Gateway.BlindMatch/Controllers/SupervisorController.cs(89,36): error CS0029: Cannot implicitly convert type 'MongoDB.Bson.ObjectId' to 'string' [/Users/ft_ruma/Downloads/Gateway/Gateway.BlindMatch/Gateway.BlindMatch.csproj]
/Users/ft_ruma/Downloads/Gateway/Gateway.BlindMatch/Controllers/StudentController.cs(28,29): error CS0019: Operator '==' cannot be applied to operands of type 'string' and 'ObjectId' [/Users/ft_ruma/Downloads/Gateway/Gateway.BlindMatch/Gateway.BlindMatch.csproj]
/Users/ft_ruma/Downloads/Gateway/Gateway.BlindMatch/Controllers/ProjectsController.cs(29,29): error CS0019: Operator '==' cannot be applied to operands of type 'string' and 'ObjectId' [/Users/ft_ruma/Downloads/Gateway/Gateway.BlindMatch/Gateway.BlindMatch.csproj]
/Users/ft_ruma/Downloads/Gateway/Gateway.BlindMatch/Controllers/ProjectsController.cs(48,45): error CS0029: Cannot implicitly convert type 'MongoDB.Bson.ObjectId' to 'string' [/Users/ft_ruma/Downloads/Gateway/Gateway.BlindMatch/Gateway.BlindMatch.csproj]
    13 Warning(s)
    11 Error(s)

Time Elapsed 00:00:01.76
